******************************************************************************
                  TI ARM Linker Unix v16.9.1                   
******************************************************************************
>> Linked Fri Mar  9 00:44:23 2018

OUTPUT FILE NAME:   <Ethernet.out>
ENTRY POINT SYMBOL: "_c_int00"  address: 0000165d


MEMORY CONFIGURATION

         name            origin    length      used     unused   attr    fill
----------------------  --------  ---------  --------  --------  ----  --------
  FLASH                 00000000   00040000  00001808  0003e7f8  R  X
  SRAM                  20000000   00008000  00000243  00007dbd  RW X


SEGMENT ALLOCATION MAP

run origin  load origin   length   init length attrs members
----------  ----------- ---------- ----------- ----- -------
00000000    00000000    00001808   00001808    r-x
  00000000    00000000    0000026c   0000026c    r-- .intvecs
  0000026c    0000026c    0000155c   0000155c    r-x .text
  000017c8    000017c8    00000040   00000040    r-- .cinit
20000000    20000000    00000244   00000000    rw-
  20000000    20000000    00000200   00000000    rw- .stack
  20000200    20000200    00000023   00000000    rw- .data
  20000224    20000224    00000020   00000000    rw- .bss


SECTION ALLOCATION MAP

 output                                  attributes/
section   page    origin      length       input sections
--------  ----  ----------  ----------   ----------------
.intvecs   0    00000000    0000026c     
                  00000000    0000026c     tm4c123gh6pm_startup_ccs.obj (.intvecs)

.text      0    0000026c    0000155c     
                  0000026c    00000fb0     enc28j60.obj (.text)
                  0000121c    0000014c     main.obj (.text)
                  00001368    00000104     initHw.obj (.text)
                  0000146c    0000009c     rtsv7M4_T_le_v4SPD16_eabi.lib : memcpy_t2.obj (.text)
                  00001508    0000007a                                   : memset_t2.obj (.text)
                  00001582    00000002                                   : mpu_init.obj (.text)
                  00001584    00000070                                   : autoinit.obj (.text)
                  000015f4    00000068                                   : copy_decompress_lzss.obj (.text:decompress:lzss)
                  0000165c    00000054                                   : boot.obj (.text)
                  000016b0    00000054                                   : exit.obj (.text)
                  00001704    0000004c                                   : cpy_tbl.obj (.text)
                  00001750    00000020     wait.obj (.text)
                  00001770    00000018     rtsv7M4_T_le_v4SPD16_eabi.lib : args_main.obj (.text)
                  00001788    00000014                                   : _lock.obj (.text)
                  0000179c    0000000e                                   : copy_decompress_none.obj (.text:decompress:none)
                  000017aa    0000000c                                   : copy_zero_init.obj (.text:decompress:ZI)
                  000017b6    0000000c     tm4c123gh6pm_startup_ccs.obj (.text)
                  000017c2    00000004     rtsv7M4_T_le_v4SPD16_eabi.lib : pre_init.obj (.text)
                  000017c6    00000002                                   : startup.obj (.text)

.cinit     0    000017c8    00000040     
                  000017c8    00000017     (.cinit..data.load) [load image, compression = lzss]
                  000017df    00000001     --HOLE-- [fill = 0]
                  000017e0    0000000c     (__TI_handler_table)
                  000017ec    00000004     --HOLE-- [fill = 0]
                  000017f0    00000008     (.cinit..bss.load) [load image, compression = zero_init]
                  000017f8    00000010     (__TI_cinit_table)

.init_array 
*          0    00000000    00000000     UNINITIALIZED

.data      0    20000200    00000023     UNINITIALIZED
                  20000200    0000000c     rtsv7M4_T_le_v4SPD16_eabi.lib : exit.obj (.data:$O1$$)
                  2000020c    00000008                                   : _lock.obj (.data:$O1$$)
                  20000214    00000006     enc28j60.obj (.data:macAddress)
                  2000021a    00000002     --HOLE--
                  2000021c    00000004     rtsv7M4_T_le_v4SPD16_eabi.lib : stkdepth_vars.obj (.data)
                  20000220    00000003     enc28j60.obj (.data)

.bss       0    20000224    00000020     UNINITIALIZED
                  20000224    00000004     (.common:arp)
                  20000228    00000004     (.common:enc28j60)
                  2000022c    00000004     (.common:ether)
                  20000230    00000004     (.common:icmp)
                  20000234    00000004     (.common:ip)
                  20000238    00000004     (.common:ipv4Address)
                  2000023c    00000004     (.common:sum)
                  20000240    00000004     (.common:udp)

.stack     0    20000000    00000200     UNINITIALIZED
                  20000000    00000200     --HOLE--

MODULE SUMMARY

       Module                         code   ro data   rw data
       ------                         ----   -------   -------
    ./
       enc28j60.obj                   4016   0         41     
       tm4c123gh6pm_startup_ccs.obj   12     620       0      
       main.obj                       332    0         0      
       initHw.obj                     260    0         0      
       wait.obj                       32     0         0      
    +--+------------------------------+------+---------+---------+
       Total:                         4652   620       41     
                                                              
    /Applications/ti/ccsv7/tools/compiler/ti-cgt-arm_16.9.1.LTS/lib/rtsv7M4_T_le_v4SPD16_eabi.lib
       memcpy_t2.obj                  156    0         0      
       memset_t2.obj                  122    0         0      
       autoinit.obj                   112    0         0      
       copy_decompress_lzss.obj       104    0         0      
       exit.obj                       84     0         12     
       boot.obj                       84     0         0      
       cpy_tbl.obj                    76     0         0      
       _lock.obj                      20     0         8      
       args_main.obj                  24     0         0      
       copy_decompress_none.obj       14     0         0      
       copy_zero_init.obj             12     0         0      
       pre_init.obj                   4      0         0      
       stkdepth_vars.obj              0      0         4      
       mpu_init.obj                   2      0         0      
       startup.obj                    2      0         0      
    +--+------------------------------+------+---------+---------+
       Total:                         816    0         24     
                                                              
       Stack:                         0      0         512    
       Linker Generated:              0      59        0      
    +--+------------------------------+------+---------+---------+
       Grand Total:                   5468   679       577    


LINKER GENERATED COPY TABLES

__TI_cinit_table @ 000017f8 records: 2, size/record: 8, table size: 16
	.data: load addr=000017c8, load size=00000017 bytes, run addr=20000200, run size=00000023 bytes, compression=lzss
	.bss: load addr=000017f0, load size=00000008 bytes, run addr=20000224, run size=00000020 bytes, compression=zero_init


LINKER GENERATED HANDLER TABLE

__TI_handler_table @ 000017e0 records: 3, size/record: 4, table size: 12
	index: 0, handler: __TI_decompress_lzss
	index: 1, handler: __TI_decompress_none
	index: 2, handler: __TI_zero_init


GLOBAL SYMBOLS: SORTED ALPHABETICALLY BY Name 

address   name                           
-------   ----                           
000016b1  C$$EXIT                        
000017b7  ResetISR                       
UNDEFED   SHT$$INIT_ARRAY$$Base          
UNDEFED   SHT$$INIT_ARRAY$$Limit         
20000200  __STACK_END                    
00000200  __STACK_SIZE                   
20000200  __STACK_TOP                    
000017f8  __TI_CINIT_Base                
00001808  __TI_CINIT_Limit               
000017e0  __TI_Handler_Table_Base        
000017ec  __TI_Handler_Table_Limit       
00001585  __TI_auto_init                 
20000200  __TI_cleanup_ptr               
000015f5  __TI_decompress_lzss           
0000179d  __TI_decompress_none           
20000204  __TI_dtors_ptr                 
20000208  __TI_enable_exit_profile_output
ffffffff  __TI_pprof_out_hndl            
ffffffff  __TI_prof_data_size            
ffffffff  __TI_prof_data_start           
00000000  __TI_static_base__             
000017ab  __TI_zero_init                 
00001509  __aeabi_memclr                 
00001509  __aeabi_memclr4                
00001509  __aeabi_memclr8                
0000146d  __aeabi_memcpy                 
0000146d  __aeabi_memcpy4                
0000146d  __aeabi_memcpy8                
0000150b  __aeabi_memset                 
0000150b  __aeabi_memset4                
0000150b  __aeabi_memset8                
ffffffff  __binit__                      
ffffffff  __c_args__                     
00001583  __mpu_init                     
20000000  __stack                        
00001771  _args_main                     
0000165d  _c_int00                       
2000020c  _lock                          
00001797  _nop                           
0000178f  _register_lock                 
00001789  _register_unlock               
000017c7  _system_post_cinit             
000017c3  _system_pre_init               
20000210  _unlock                        
000016b5  abort                          
20000224  arp                            
ffffffff  binit                          
00001705  copy_in                        
20000228  enc28j60                       
2000022c  ether                          
00000f25  etherCalcIpChecksum            
00000345  etherClearReg                  
000002a1  etherCsOff                     
00000291  etherCsOn                      
00001185  etherGetId                     
0000062d  etherGetPacket                 
00000edd  etherGetUdpData                
00001191  etherIncId                     
000004a1  etherInit                      
00000b79  etherIsArp                     
000008f9  etherIsIp                      
00000969  etherIsIpUnicast               
00000707  etherIsOverflow                
000009dd  etherIsPingReq                 
00000e2d  etherIsUdp                     
000011a1  etherIsValidIp                 
00000619  etherKbhit                     
0000072f  etherPutPacket                 
00000483  etherReadMem                   
00000471  etherReadMemStart              
00000491  etherReadMemStop               
000003cf  etherReadPhy                   
000002dd  etherReadReg                   
00000d09  etherSendArpReq                
00000c09  etherSendArpResp               
00000a31  etherSendPingResp              
00000f65  etherSendUdpData               
0000037b  etherSetBank                   
000011c7  etherSetIpAddress              
0000030f  etherSetReg                    
00000811  etherSumWords                  
00000455  etherWriteMem                  
00000443  etherWriteMemStart             
00000469  etherWriteMemStop              
00000397  etherWritePhy                  
000002a9  etherWriteReg                  
000016bd  exit                           
00000000  g_pfnVectors                   
00000883  getEtherChecksum               
000008bd  htons                          
20000230  icmp                           
00001369  initHw                         
20000234  ip                             
20000238  ipv4Address                    
20000214  macAddress                     
0000121d  main                           
2000021c  main_func_sp                   
0000146d  memcpy                         
00001511  memset                         
20000220  nextPacketLsb                  
20000221  nextPacketMsb                  
20000222  sequenceId                     
00000289  spiRead                        
0000026d  spiWrite                       
2000023c  sum                            
20000240  udp                            
00001751  waitMicrosecond                


GLOBAL SYMBOLS: SORTED BY Symbol Address 

address   name                           
-------   ----                           
00000000  __TI_static_base__             
00000000  g_pfnVectors                   
00000200  __STACK_SIZE                   
0000026d  spiWrite                       
00000289  spiRead                        
00000291  etherCsOn                      
000002a1  etherCsOff                     
000002a9  etherWriteReg                  
000002dd  etherReadReg                   
0000030f  etherSetReg                    
00000345  etherClearReg                  
0000037b  etherSetBank                   
00000397  etherWritePhy                  
000003cf  etherReadPhy                   
00000443  etherWriteMemStart             
00000455  etherWriteMem                  
00000469  etherWriteMemStop              
00000471  etherReadMemStart              
00000483  etherReadMem                   
00000491  etherReadMemStop               
000004a1  etherInit                      
00000619  etherKbhit                     
0000062d  etherGetPacket                 
00000707  etherIsOverflow                
0000072f  etherPutPacket                 
00000811  etherSumWords                  
00000883  getEtherChecksum               
000008bd  htons                          
000008f9  etherIsIp                      
00000969  etherIsIpUnicast               
000009dd  etherIsPingReq                 
00000a31  etherSendPingResp              
00000b79  etherIsArp                     
00000c09  etherSendArpResp               
00000d09  etherSendArpReq                
00000e2d  etherIsUdp                     
00000edd  etherGetUdpData                
00000f25  etherCalcIpChecksum            
00000f65  etherSendUdpData               
00001185  etherGetId                     
00001191  etherIncId                     
000011a1  etherIsValidIp                 
000011c7  etherSetIpAddress              
0000121d  main                           
00001369  initHw                         
0000146d  __aeabi_memcpy                 
0000146d  __aeabi_memcpy4                
0000146d  __aeabi_memcpy8                
0000146d  memcpy                         
00001509  __aeabi_memclr                 
00001509  __aeabi_memclr4                
00001509  __aeabi_memclr8                
0000150b  __aeabi_memset                 
0000150b  __aeabi_memset4                
0000150b  __aeabi_memset8                
00001511  memset                         
00001583  __mpu_init                     
00001585  __TI_auto_init                 
000015f5  __TI_decompress_lzss           
0000165d  _c_int00                       
000016b1  C$$EXIT                        
000016b5  abort                          
000016bd  exit                           
00001705  copy_in                        
00001751  waitMicrosecond                
00001771  _args_main                     
00001789  _register_unlock               
0000178f  _register_lock                 
00001797  _nop                           
0000179d  __TI_decompress_none           
000017ab  __TI_zero_init                 
000017b7  ResetISR                       
000017c3  _system_pre_init               
000017c7  _system_post_cinit             
000017e0  __TI_Handler_Table_Base        
000017ec  __TI_Handler_Table_Limit       
000017f8  __TI_CINIT_Base                
00001808  __TI_CINIT_Limit               
20000000  __stack                        
20000200  __STACK_END                    
20000200  __STACK_TOP                    
20000200  __TI_cleanup_ptr               
20000204  __TI_dtors_ptr                 
20000208  __TI_enable_exit_profile_output
2000020c  _lock                          
20000210  _unlock                        
20000214  macAddress                     
2000021c  main_func_sp                   
20000220  nextPacketLsb                  
20000221  nextPacketMsb                  
20000222  sequenceId                     
20000224  arp                            
20000228  enc28j60                       
2000022c  ether                          
20000230  icmp                           
20000234  ip                             
20000238  ipv4Address                    
2000023c  sum                            
20000240  udp                            
ffffffff  __TI_pprof_out_hndl            
ffffffff  __TI_prof_data_size            
ffffffff  __TI_prof_data_start           
ffffffff  __binit__                      
ffffffff  __c_args__                     
ffffffff  binit                          
UNDEFED   SHT$$INIT_ARRAY$$Base          
UNDEFED   SHT$$INIT_ARRAY$$Limit         

[107 symbols]
